Warning: unknown flag --init_new_space_size=65536.
Try --help for options
[9646]     5326 ms: Mark-sweep 0.8 (18.9) -> 0.7 (18.9) MB, 7 / 386.7 ms [Isolate::RequestGarbageCollection] [GC in old space requested].
[9646]     6850 ms: Scavenge 1.7 (18.9) -> 0.9 (18.9) MB, 72.4 ms [Runtime::PerformGC].
[9646]     6901 ms: Scavenge 1.7 (18.9) -> 1.0 (18.9) MB, 10.1 ms [Runtime::PerformGC].
[9646]     6940 ms: Scavenge 1.9 (18.9) -> 1.1 (18.9) MB, 6.3 ms [Runtime::PerformGC].
[9646]     7346 ms: Scavenge 2.0 (18.9) -> 1.3 (19.9) MB, 3.1 ms [Runtime::PerformGC].
[9646]     7381 ms: Scavenge 2.1 (19.9) -> 1.5 (19.9) MB, 2.2 ms [Runtime::PerformGC].
[9646]     7418 ms: Scavenge 2.3 (19.9) -> 1.4 (19.9) MB, 7.1 ms [Runtime::PerformGC].
[9646]     7481 ms: Scavenge 3.3 (19.9) -> 1.6 (19.9) MB, 2.9 ms [Runtime::PerformGC].
[9646]     7550 ms: Scavenge 3.3 (19.9) -> 2.0 (19.9) MB, 3.1 ms [Runtime::PerformGC].
[9646]     7610 ms: Scavenge 3.6 (19.9) -> 1.7 (19.9) MB, 0.6 ms [Runtime::PerformGC].
[9646]     7669 ms: Scavenge 3.6 (19.9) -> 2.0 (19.9) MB, 1.9 ms [Runtime::PerformGC].
[9646]     7744 ms: Scavenge 3.7 (19.9) -> 2.4 (19.9) MB, 3.0 ms [Runtime::PerformGC].
[9646]     7784 ms: Mark-sweep 2.7 (19.9) -> 1.7 (19.9) MB, 26.2 ms [Isolate::RequestGarbageCollection] [GC in old space requested].
PROFILE BEGIN
[9646] Process starting.
[9646] Thread 0 starting..
[9646] Code cache flushed before transitioning to fast skip mode
[9646] Thread 1 starting..
[9646] Thread 2 starting..
[9646] Thread 3 starting..
[9646] Thread 4 starting..
[9646] Thread 5 starting..
[9646] Code cache flushed before transitioning to simulation mode
[9646] SIMULATION BEGIN (Thread 0)
[9646] SIMULATION END (Thread 0)
[9646] Process finishing.
